// Jest Snapshot v1, https://goo.gl/fbAQLP

exports[`renders correctly 1`] = `
<View
  style={
    Object {
      "backgroundColor": "white",
      "borderColor": "#f4f4f4",
      "borderRadius": 16,
      "borderWidth": 2,
      "height": 266.8,
      "marginLeft": 12,
      "width": 262.5,
    }
  }
>
  <View
    style={
      Object {
        "flex": 1,
      }
    }
  >
    <Image
      source={
        Object {
          "uri": undefined,
        }
      }
      style={
        Object {
          "alignSelf": "center",
          "borderRadius": 100,
          "height": 40,
          "justifyContent": "center",
          "marginTop": 4,
          "width": 40,
        }
      }
    />
  </View>
  <View
    style={
      Object {
        "alignSelf": "center",
        "flex": 3,
        "justifyContent": "center",
      }
    }
  >
    <Text />
  </View>
</View>
`;
